src/tools/spiffeAuth.ts(144,42): error TS2339: Property 'svids' does not exist on type '{}'.
src/tools/spiffeAuth.ts(144,60): error TS2339: Property 'svids' does not exist on type '{}'.
src/tools/spiffeAuth.ts(148,24): error TS2339: Property 'svids' does not exist on type '{}'.
